Linux version 3.2.2+ (root@vl157.cs.stonybrook.edu) (gcc version 4.1.2 20080704 (Red Hat 4.1.2-51)) #27 Sun Feb 12 16:42:07 EST 2012
Disabled fast string operations
BIOS-provided physical RAM map:
 BIOS-e820: 0000000000000000 - 000000000009f800 (usable)
 BIOS-e820: 000000000009f800 - 00000000000a0000 (reserved)
 BIOS-e820: 00000000000ca000 - 00000000000cc000 (reserved)
 BIOS-e820: 00000000000dc000 - 00000000000e4000 (reserved)
 BIOS-e820: 00000000000e8000 - 0000000000100000 (reserved)
 BIOS-e820: 0000000000100000 - 000000000fef0000 (usable)
 BIOS-e820: 000000000fef0000 - 000000000feff000 (ACPI data)
 BIOS-e820: 000000000feff000 - 000000000ff00000 (ACPI NVS)
 BIOS-e820: 000000000ff00000 - 0000000010000000 (usable)
 BIOS-e820: 00000000e0000000 - 00000000f0000000 (reserved)
 BIOS-e820: 00000000fec00000 - 00000000fec10000 (reserved)
 BIOS-e820: 00000000fee00000 - 00000000fee01000 (reserved)
 BIOS-e820: 00000000fffe0000 - 0000000100000000 (reserved)
Notice: NX (Execute Disable) protection cannot be enabled: non-PAE kernel!
DMI present.
DMI: VMware, Inc. VMware Virtual Platform/440BX Desktop Reference Platform, BIOS 6.00 10/13/2009
Hypervisor detected: VMware
e820 update range: 0000000000000000 - 0000000000010000 (usable) ==> (reserved)
e820 remove range: 00000000000a0000 - 0000000000100000 (usable)
last_pfn = 0x10000 max_arch_pfn = 0x100000
MTRR default type: uncachable
MTRR fixed ranges enabled:
  00000-9FFFF write-back
  A0000-BFFFF uncachable
  C0000-CBFFF write-protect
  CC000-EFFFF uncachable
  F0000-FFFFF write-protect
MTRR variable ranges enabled:
  0 base 0000000000 mask FFF0000000 write-back
  1 disabled
  2 disabled
  3 disabled
  4 disabled
  5 disabled
  6 disabled
  7 disabled
x86 PAT enabled: cpu 0, old 0x0, new 0x7010600070106
initial memory mapped : 0 - 01400000
Base memory trampoline at [c009c000] 9c000 size 12288
init_memory_mapping: 0000000000000000-0000000010000000
 0000000000 - 0010000000 page 4k
kernel direct mapping tables up to 10000000 @ 13bd000-1400000
RAMDISK: 0fb9d000 - 0fee0000
ACPI: RSDP 000f6940 00024 (v02 PTLTD )
ACPI: XSDT 0fef0885 0004C (v01 INTEL  440BX    06040000 VMW  01324272)
ACPI: FACP 0fefee98 000F4 (v04 INTEL  440BX    06040000 PTL  000F4240)
ACPI: DSDT 0fef0a3d 0E45B (v01 PTLTD  Custom   06040000 MSFT 03000001)
ACPI: FACS 0fefffc0 00040
ACPI: BOOT 0fef0a15 00028 (v01 PTLTD  $SBFTBL$ 06040000  LTP 00000001)
ACPI: APIC 0fef09c5 00050 (v01 PTLTD  ? APIC   06040000  LTP 00000000)
ACPI: MCFG 0fef0989 0003C (v01 PTLTD  $PCITBL$ 06040000  LTP 00000001)
ACPI: SRAT 0fef0909 00080 (v02 VMWARE MEMPLUG  06040000 VMW  00000001)
0MB HIGHMEM available.
256MB LOWMEM available.
  mapped low ram: 0 - 10000000
  low ram: 0 - 10000000
Zone PFN ranges:
  DMA      0x00000010 -> 0x00001000
  Normal   0x00001000 -> 0x00010000
  HighMem  empty
Movable zone start PFN for each node
early_node_map[3] active PFN ranges
    0: 0x00000010 -> 0x0000009f
    0: 0x00000100 -> 0x0000fef0
    0: 0x0000ff00 -> 0x00010000
On node 0 totalpages: 65407
free_area_init_node: node 0, pgdat c081cd80, node_mem_map cf99d200
  DMA zone: 32 pages used for memmap
  DMA zone: 0 pages reserved
  DMA zone: 3951 pages, LIFO batch:0
  Normal zone: 480 pages used for memmap
  Normal zone: 60944 pages, LIFO batch:15
ACPI: PM-Timer IO Port: 0x1008
Allocating PCI resources starting at 10000000 (gap: 10000000:d0000000)
pcpu-alloc: s0 r0 d32768 u32768 alloc=1*32768
pcpu-alloc: [0] 0 
Built 1 zonelists in Zone order, mobility grouping on.  Total pages: 64895
Kernel command line: ro root=/dev/VolGroup00/LogVol00
PID hash table entries: 1024 (order: 0, 4096 bytes)
Dentry cache hash table entries: 32768 (order: 5, 131072 bytes)
Inode-cache hash table entries: 16384 (order: 4, 65536 bytes)
Initializing CPU#0
Initializing HighMem for node 0 (00000000:00000000)
Memory: 245316k/262144k available (2764k kernel code, 16312k reserved, 1472k data, 404k init, 0k highmem)
virtual kernel memory layout:
    fixmap  : 0xfffcf000 - 0xfffff000   ( 192 kB)
    pkmap   : 0xff800000 - 0xffc00000   (4096 kB)
    vmalloc : 0xd0800000 - 0xff7fe000   ( 751 MB)
    lowmem  : 0xc0000000 - 0xd0000000   ( 256 MB)
      .init : 0xc0824000 - 0xc0889000   ( 404 kB)
      .data : 0xc06b32f4 - 0xc0823400   (1472 kB)
      .text : 0xc0400000 - 0xc06b32f4   (2764 kB)
Checking if this processor honours the WP bit even in supervisor mode...Ok.
NR_IRQS:16 nr_irqs:16 16
CPU 0 irqstacks, hard=cf418000 soft=cf41a000
Extended CMOS year: 2000
kmemleak: Early log buffer exceeded, please increase DEBUG_KMEMLEAK_EARLY_LOG_SIZE
kmemleak: Kernel memory leak detector disabled
Console: colour VGA+ 80x25
console [tty0] enabled
Lock dependency validator: Copyright (c) 2006 Red Hat, Inc., Ingo Molnar
... MAX_LOCKDEP_SUBCLASSES:  8
... MAX_LOCK_DEPTH:          48
... MAX_LOCKDEP_KEYS:        8191
... CLASSHASH_SIZE:          4096
... MAX_LOCKDEP_ENTRIES:     16384
... MAX_LOCKDEP_CHAINS:      32768
... CHAINHASH_SIZE:          16384
 memory used by lock dependency info: 3567 kB
 per task-struct memory footprint: 1152 bytes
TSC freq read from hypervisor : 2394.000 MHz
Detected 2394.000 MHz processor.
Calibrating delay loop (skipped) preset value.. 4788.00 BogoMIPS (lpj=2394000)
pid_max: default: 32768 minimum: 301
Security Framework initialized
SELinux:  Initializing.
SELinux:  Starting in permissive mode
Mount-cache hash table entries: 512
Disabled fast string operations
mce: CPU supports 0 MCE banks
CPU: Intel(R) Xeon(R) CPU           E5620  @ 2.40GHz stepping 02
ACPI: Core revision 20110623
ACPI: setting ELCR to 0200 (from 0e00)
Performance Events: Westmere events, Broken PMU hardware detected, using software events only.
NET: Registered protocol family 16
ACPI: bus type pci registered
PCI: MMCONFIG for domain 0000 [bus 00-ff] at [mem 0xe0000000-0xefffffff] (base 0xe0000000)
PCI: MMCONFIG at [mem 0xe0000000-0xefffffff] reserved in E820
PCI: Using MMCONFIG for extended config space
PCI: Using configuration type 1 for base access
bio: create slab <bio-0> at 0
ACPI: Added _OSI(Module Device)
ACPI: Added _OSI(Processor Device)
ACPI: Added _OSI(3.0 _SCP Extensions)
ACPI: Added _OSI(Processor Aggregator Device)
ACPI: EC: Look up EC in DSDT
[Firmware Bug]: ACPI: BIOS _OSI(Linux) query ignored
ACPI: Interpreter enabled
ACPI: (supports S0 S1 S5)
ACPI: Using PIC for interrupt routing
ACPI: No dock devices found.
PCI: Using host bridge windows from ACPI; if necessary, use "pci=nocrs" and report a bug
ACPI: PCI Root Bridge [PCI0] (domain 0000 [bus 00-ff])
pci_root PNP0A03:00: host bridge window [mem 0x000a0000-0x000bffff]
pci_root PNP0A03:00: host bridge window [mem 0x000cc000-0x000cffff]
pci_root PNP0A03:00: host bridge window [mem 0x000d0000-0x000d3fff]
pci_root PNP0A03:00: host bridge window [mem 0x000d4000-0x000d7fff]
pci_root PNP0A03:00: host bridge window [mem 0x000d8000-0x000dbfff]
pci_root PNP0A03:00: host bridge window [mem 0x000e4000-0x000e7fff]
pci_root PNP0A03:00: host bridge window [mem 0x10000000-0xfebfffff]
pci_root PNP0A03:00: host bridge window [io  0x0000-0x0cf7]
pci_root PNP0A03:00: host bridge window [io  0x0d00-0xfeff]
pci 0000:00:00.0: [8086:7190] type 0 class 0x000600
pci 0000:00:01.0: [8086:7191] type 1 class 0x000604
pci 0000:00:07.0: [8086:7110] type 0 class 0x000601
pci 0000:00:07.1: [8086:7111] type 0 class 0x000101
pci 0000:00:07.1: reg 20: [io  0x10c0-0x10cf]
pci 0000:00:07.3: [8086:7113] type 0 class 0x000680
pci 0000:00:07.3: quirk: [io  0x1000-0x103f] claimed by PIIX4 ACPI
pci 0000:00:07.3: quirk: [io  0x1040-0x104f] claimed by PIIX4 SMB
pci 0000:00:07.7: [15ad:0740] type 0 class 0x000880
pci 0000:00:07.7: reg 10: [io  0x1080-0x10bf]
pci 0000:00:0f.0: [15ad:0405] type 0 class 0x000300
pci 0000:00:0f.0: reg 10: [io  0x10d0-0x10df]
pci 0000:00:0f.0: reg 14: [mem 0xd4000000-0xd7ffffff]
pci 0000:00:0f.0: reg 18: [mem 0xd8000000-0xd87fffff]
pci 0000:00:0f.0: reg 30: [mem 0x00000000-0x00007fff pref]
pci 0000:00:10.0: [1000:0030] type 0 class 0x000100
pci 0000:00:10.0: reg 10: [io  0x1400-0x14ff]
pci 0000:00:10.0: reg 14: [mem 0xd8820000-0xd883ffff 64bit]
pci 0000:00:10.0: reg 1c: [mem 0xd8800000-0xd881ffff 64bit]
pci 0000:00:10.0: reg 30: [mem 0x00000000-0x00003fff pref]
pci 0000:00:11.0: [15ad:0790] type 1 class 0x000604
pci 0000:00:15.0: [15ad:07a0] type 1 class 0x000604
pci 0000:00:15.0: PME# supported from D0 D3hot D3cold
pci 0000:00:15.0: PME# disabled
pci 0000:00:15.1: [15ad:07a0] type 1 class 0x000604
pci 0000:00:15.1: PME# supported from D0 D3hot D3cold
pci 0000:00:15.1: PME# disabled
pci 0000:00:15.2: [15ad:07a0] type 1 class 0x000604
pci 0000:00:15.2: PME# supported from D0 D3hot D3cold
pci 0000:00:15.2: PME# disabled
pci 0000:00:15.3: [15ad:07a0] type 1 class 0x000604
pci 0000:00:15.3: PME# supported from D0 D3hot D3cold
pci 0000:00:15.3: PME# disabled
pci 0000:00:15.4: [15ad:07a0] type 1 class 0x000604
pci 0000:00:15.4: PME# supported from D0 D3hot D3cold
pci 0000:00:15.4: PME# disabled
pci 0000:00:15.5: [15ad:07a0] type 1 class 0x000604
pci 0000:00:15.5: PME# supported from D0 D3hot D3cold
pci 0000:00:15.5: PME# disabled
pci 0000:00:15.6: [15ad:07a0] type 1 class 0x000604
pci 0000:00:15.6: PME# supported from D0 D3hot D3cold
pci 0000:00:15.6: PME# disabled
pci 0000:00:15.7: [15ad:07a0] type 1 class 0x000604
pci 0000:00:15.7: PME# supported from D0 D3hot D3cold
pci 0000:00:15.7: PME# disabled
pci 0000:00:16.0: [15ad:07a0] type 1 class 0x000604
pci 0000:00:16.0: PME# supported from D0 D3hot D3cold
pci 0000:00:16.0: PME# disabled
pci 0000:00:16.1: [15ad:07a0] type 1 class 0x000604
pci 0000:00:16.1: PME# supported from D0 D3hot D3cold
pci 0000:00:16.1: PME# disabled
pci 0000:00:16.2: [15ad:07a0] type 1 class 0x000604
pci 0000:00:16.2: PME# supported from D0 D3hot D3cold
pci 0000:00:16.2: PME# disabled
pci 0000:00:16.3: [15ad:07a0] type 1 class 0x000604
pci 0000:00:16.3: PME# supported from D0 D3hot D3cold
pci 0000:00:16.3: PME# disabled
pci 0000:00:16.4: [15ad:07a0] type 1 class 0x000604
pci 0000:00:16.4: PME# supported from D0 D3hot D3cold
pci 0000:00:16.4: PME# disabled
pci 0000:00:16.5: [15ad:07a0] type 1 class 0x000604
pci 0000:00:16.5: PME# supported from D0 D3hot D3cold
pci 0000:00:16.5: PME# disabled
pci 0000:00:16.6: [15ad:07a0] type 1 class 0x000604
pci 0000:00:16.6: PME# supported from D0 D3hot D3cold
pci 0000:00:16.6: PME# disabled
pci 0000:00:16.7: [15ad:07a0] type 1 class 0x000604
pci 0000:00:16.7: PME# supported from D0 D3hot D3cold
pci 0000:00:16.7: PME# disabled
pci 0000:00:17.0: [15ad:07a0] type 1 class 0x000604
pci 0000:00:17.0: PME# supported from D0 D3hot D3cold
pci 0000:00:17.0: PME# disabled
pci 0000:00:17.1: [15ad:07a0] type 1 class 0x000604
pci 0000:00:17.1: PME# supported from D0 D3hot D3cold
pci 0000:00:17.1: PME# disabled
pci 0000:00:17.2: [15ad:07a0] type 1 class 0x000604
pci 0000:00:17.2: PME# supported from D0 D3hot D3cold
pci 0000:00:17.2: PME# disabled
pci 0000:00:17.3: [15ad:07a0] type 1 class 0x000604
pci 0000:00:17.3: PME# supported from D0 D3hot D3cold
pci 0000:00:17.3: PME# disabled
pci 0000:00:17.4: [15ad:07a0] type 1 class 0x000604
pci 0000:00:17.4: PME# supported from D0 D3hot D3cold
pci 0000:00:17.4: PME# disabled
pci 0000:00:17.5: [15ad:07a0] type 1 class 0x000604
pci 0000:00:17.5: PME# supported from D0 D3hot D3cold
pci 0000:00:17.5: PME# disabled
pci 0000:00:17.6: [15ad:07a0] type 1 class 0x000604
pci 0000:00:17.6: PME# supported from D0 D3hot D3cold
pci 0000:00:17.6: PME# disabled
pci 0000:00:17.7: [15ad:07a0] type 1 class 0x000604
pci 0000:00:17.7: PME# supported from D0 D3hot D3cold
pci 0000:00:17.7: PME# disabled
pci 0000:00:18.0: [15ad:07a0] type 1 class 0x000604
pci 0000:00:18.0: PME# supported from D0 D3hot D3cold
pci 0000:00:18.0: PME# disabled
pci 0000:00:18.1: [15ad:07a0] type 1 class 0x000604
pci 0000:00:18.1: PME# supported from D0 D3hot D3cold
pci 0000:00:18.1: PME# disabled
pci 0000:00:18.2: [15ad:07a0] type 1 class 0x000604
pci 0000:00:18.2: PME# supported from D0 D3hot D3cold
pci 0000:00:18.2: PME# disabled
pci 0000:00:18.3: [15ad:07a0] type 1 class 0x000604
pci 0000:00:18.3: PME# supported from D0 D3hot D3cold
pci 0000:00:18.3: PME# disabled
pci 0000:00:18.4: [15ad:07a0] type 1 class 0x000604
pci 0000:00:18.4: PME# supported from D0 D3hot D3cold
pci 0000:00:18.4: PME# disabled
pci 0000:00:18.5: [15ad:07a0] type 1 class 0x000604
pci 0000:00:18.5: PME# supported from D0 D3hot D3cold
pci 0000:00:18.5: PME# disabled
pci 0000:00:18.6: [15ad:07a0] type 1 class 0x000604
pci 0000:00:18.6: PME# supported from D0 D3hot D3cold
pci 0000:00:18.6: PME# disabled
pci 0000:00:18.7: [15ad:07a0] type 1 class 0x000604
pci 0000:00:18.7: PME# supported from D0 D3hot D3cold
pci 0000:00:18.7: PME# disabled
pci 0000:00:01.0: PCI bridge to [bus 01-01]
pci 0000:02:00.0: [1022:2000] type 0 class 0x000200
pci 0000:02:00.0: reg 10: [io  0x2000-0x207f]
pci 0000:02:00.0: reg 30: [mem 0x00000000-0x0000ffff pref]
pci 0000:00:11.0: PCI bridge to [bus 02-02] (subtractive decode)
pci 0000:00:11.0:   bridge window [io  0x2000-0x3fff]
pci 0000:00:11.0:   bridge window [mem 0xd9200000-0xd9cfffff]
pci 0000:00:11.0:   bridge window [mem 0xdc100000-0xdc6fffff 64bit pref]
pci 0000:00:11.0:   bridge window [mem 0x000a0000-0x000bffff] (subtractive decode)
pci 0000:00:11.0:   bridge window [mem 0x000cc000-0x000cffff] (subtractive decode)
pci 0000:00:11.0:   bridge window [mem 0x000d0000-0x000d3fff] (subtractive decode)
pci 0000:00:11.0:   bridge window [mem 0x000d4000-0x000d7fff] (subtractive decode)
pci 0000:00:11.0:   bridge window [mem 0x000d8000-0x000dbfff] (subtractive decode)
pci 0000:00:11.0:   bridge window [mem 0x000e4000-0x000e7fff] (subtractive decode)
pci 0000:00:11.0:   bridge window [mem 0x10000000-0xfebfffff] (subtractive decode)
pci 0000:00:11.0:   bridge window [io  0x0000-0x0cf7] (subtractive decode)
pci 0000:00:11.0:   bridge window [io  0x0d00-0xfeff] (subtractive decode)
pci 0000:00:15.0: PCI bridge to [bus 03-03]
pci 0000:00:15.0:   bridge window [io  0x4000-0x4fff]
pci 0000:00:15.0:   bridge window [mem 0xd9d00000-0xd9dfffff]
pci 0000:00:15.0:   bridge window [mem 0xdc700000-0xdc7fffff 64bit pref]
pci 0000:00:15.1: PCI bridge to [bus 04-04]
pci 0000:00:15.1:   bridge window [io  0x8000-0x8fff]
pci 0000:00:15.1:   bridge window [mem 0xda100000-0xda1fffff]
pci 0000:00:15.1:   bridge window [mem 0xdcb00000-0xdcbfffff 64bit pref]
pci 0000:00:15.2: PCI bridge to [bus 05-05]
pci 0000:00:15.2:   bridge window [io  0xc000-0xcfff]
pci 0000:00:15.2:   bridge window [mem 0xda500000-0xda5fffff]
pci 0000:00:15.2:   bridge window [mem 0xdcf00000-0xdcffffff 64bit pref]
pci 0000:00:15.3: PCI bridge to [bus 06-06]
pci 0000:00:15.3:   bridge window [mem 0xda900000-0xda9fffff]
pci 0000:00:15.3:   bridge window [mem 0xdd300000-0xdd3fffff 64bit pref]
pci 0000:00:15.4: PCI bridge to [bus 07-07]
pci 0000:00:15.4:   bridge window [mem 0xdad00000-0xdadfffff]
pci 0000:00:15.4:   bridge window [mem 0xdd700000-0xdd7fffff 64bit pref]
pci 0000:00:15.5: PCI bridge to [bus 08-08]
pci 0000:00:15.5:   bridge window [mem 0xdb100000-0xdb1fffff]
pci 0000:00:15.5:   bridge window [mem 0xddb00000-0xddbfffff 64bit pref]
pci 0000:00:15.6: PCI bridge to [bus 09-09]
pci 0000:00:15.6:   bridge window [mem 0xdb500000-0xdb5fffff]
pci 0000:00:15.6:   bridge window [mem 0xddf00000-0xddffffff 64bit pref]
pci 0000:00:15.7: PCI bridge to [bus 0a-0a]
pci 0000:00:15.7:   bridge window [mem 0xdb900000-0xdb9fffff]
pci 0000:00:15.7:   bridge window [mem 0xde300000-0xde3fffff 64bit pref]
pci 0000:00:16.0: PCI bridge to [bus 0b-0b]
pci 0000:00:16.0:   bridge window [io  0x5000-0x5fff]
pci 0000:00:16.0:   bridge window [mem 0xd9e00000-0xd9efffff]
pci 0000:00:16.0:   bridge window [mem 0xdc800000-0xdc8fffff 64bit pref]
pci 0000:00:16.1: PCI bridge to [bus 0c-0c]
pci 0000:00:16.1:   bridge window [io  0x9000-0x9fff]
pci 0000:00:16.1:   bridge window [mem 0xda200000-0xda2fffff]
pci 0000:00:16.1:   bridge window [mem 0xdcc00000-0xdccfffff 64bit pref]
pci 0000:00:16.2: PCI bridge to [bus 0d-0d]
pci 0000:00:16.2:   bridge window [io  0xd000-0xdfff]
pci 0000:00:16.2:   bridge window [mem 0xda600000-0xda6fffff]
pci 0000:00:16.2:   bridge window [mem 0xdd000000-0xdd0fffff 64bit pref]
pci 0000:00:16.3: PCI bridge to [bus 0e-0e]
pci 0000:00:16.3:   bridge window [mem 0xdaa00000-0xdaafffff]
pci 0000:00:16.3:   bridge window [mem 0xdd400000-0xdd4fffff 64bit pref]
pci 0000:00:16.4: PCI bridge to [bus 0f-0f]
pci 0000:00:16.4:   bridge window [mem 0xdae00000-0xdaefffff]
pci 0000:00:16.4:   bridge window [mem 0xdd800000-0xdd8fffff 64bit pref]
pci 0000:00:16.5: PCI bridge to [bus 10-10]
pci 0000:00:16.5:   bridge window [mem 0xdb200000-0xdb2fffff]
pci 0000:00:16.5:   bridge window [mem 0xddc00000-0xddcfffff 64bit pref]
pci 0000:00:16.6: PCI bridge to [bus 11-11]
pci 0000:00:16.6:   bridge window [mem 0xdb600000-0xdb6fffff]
pci 0000:00:16.6:   bridge window [mem 0xde000000-0xde0fffff 64bit pref]
pci 0000:00:16.7: PCI bridge to [bus 12-12]
pci 0000:00:16.7:   bridge window [mem 0xdba00000-0xdbafffff]
pci 0000:00:16.7:   bridge window [mem 0xde400000-0xde4fffff 64bit pref]
pci 0000:00:17.0: PCI bridge to [bus 13-13]
pci 0000:00:17.0:   bridge window [io  0x6000-0x6fff]
pci 0000:00:17.0:   bridge window [mem 0xd9f00000-0xd9ffffff]
pci 0000:00:17.0:   bridge window [mem 0xdc900000-0xdc9fffff 64bit pref]
pci 0000:00:17.1: PCI bridge to [bus 14-14]
pci 0000:00:17.1:   bridge window [io  0xa000-0xafff]
pci 0000:00:17.1:   bridge window [mem 0xda300000-0xda3fffff]
pci 0000:00:17.1:   bridge window [mem 0xdcd00000-0xdcdfffff 64bit pref]
pci 0000:00:17.2: PCI bridge to [bus 15-15]
pci 0000:00:17.2:   bridge window [io  0xe000-0xefff]
pci 0000:00:17.2:   bridge window [mem 0xda700000-0xda7fffff]
pci 0000:00:17.2:   bridge window [mem 0xdd100000-0xdd1fffff 64bit pref]
pci 0000:00:17.3: PCI bridge to [bus 16-16]
pci 0000:00:17.3:   bridge window [mem 0xdab00000-0xdabfffff]
pci 0000:00:17.3:   bridge window [mem 0xdd500000-0xdd5fffff 64bit pref]
pci 0000:00:17.4: PCI bridge to [bus 17-17]
pci 0000:00:17.4:   bridge window [mem 0xdaf00000-0xdaffffff]
pci 0000:00:17.4:   bridge window [mem 0xdd900000-0xdd9fffff 64bit pref]
pci 0000:00:17.5: PCI bridge to [bus 18-18]
pci 0000:00:17.5:   bridge window [mem 0xdb300000-0xdb3fffff]
pci 0000:00:17.5:   bridge window [mem 0xddd00000-0xdddfffff 64bit pref]
pci 0000:00:17.6: PCI bridge to [bus 19-19]
pci 0000:00:17.6:   bridge window [mem 0xdb700000-0xdb7fffff]
pci 0000:00:17.6:   bridge window [mem 0xde100000-0xde1fffff 64bit pref]
pci 0000:00:17.7: PCI bridge to [bus 1a-1a]
pci 0000:00:17.7:   bridge window [mem 0xdbb00000-0xdbbfffff]
pci 0000:00:17.7:   bridge window [mem 0xde500000-0xde5fffff 64bit pref]
pci 0000:00:18.0: PCI bridge to [bus 1b-1b]
pci 0000:00:18.0:   bridge window [io  0x7000-0x7fff]
pci 0000:00:18.0:   bridge window [mem 0xda000000-0xda0fffff]
pci 0000:00:18.0:   bridge window [mem 0xdca00000-0xdcafffff 64bit pref]
pci 0000:00:18.1: PCI bridge to [bus 1c-1c]
pci 0000:00:18.1:   bridge window [io  0xb000-0xbfff]
pci 0000:00:18.1:   bridge window [mem 0xda400000-0xda4fffff]
pci 0000:00:18.1:   bridge window [mem 0xdce00000-0xdcefffff 64bit pref]
pci 0000:00:18.2: PCI bridge to [bus 1d-1d]
pci 0000:00:18.2:   bridge window [io  0xf000-0xffff]
pci 0000:00:18.2:   bridge window [mem 0xda800000-0xda8fffff]
pci 0000:00:18.2:   bridge window [mem 0xdd200000-0xdd2fffff 64bit pref]
pci 0000:00:18.3: PCI bridge to [bus 1e-1e]
pci 0000:00:18.3:   bridge window [mem 0xdac00000-0xdacfffff]
pci 0000:00:18.3:   bridge window [mem 0xdd600000-0xdd6fffff 64bit pref]
pci 0000:00:18.4: PCI bridge to [bus 1f-1f]
pci 0000:00:18.4:   bridge window [mem 0xdb000000-0xdb0fffff]
pci 0000:00:18.4:   bridge window [mem 0xdda00000-0xddafffff 64bit pref]
pci 0000:00:18.5: PCI bridge to [bus 20-20]
pci 0000:00:18.5:   bridge window [mem 0xdb400000-0xdb4fffff]
pci 0000:00:18.5:   bridge window [mem 0xdde00000-0xddefffff 64bit pref]
pci 0000:00:18.6: PCI bridge to [bus 21-21]
pci 0000:00:18.6:   bridge window [mem 0xdb800000-0xdb8fffff]
pci 0000:00:18.6:   bridge window [mem 0xde200000-0xde2fffff 64bit pref]
pci 0000:00:18.7: PCI bridge to [bus 22-22]
pci 0000:00:18.7:   bridge window [mem 0xdbc00000-0xdbcfffff]
pci 0000:00:18.7:   bridge window [mem 0xde600000-0xde6fffff 64bit pref]
pci_bus 0000:00: on NUMA node 0
ACPI: PCI Interrupt Routing Table [\_SB_.PCI0._PRT]
 pci0000:00: Unable to request _OSC control (_OSC support mask: 0x0f)
ACPI: PCI Interrupt Link [LNKA] (IRQs 3 4 5 6 7 *9 10 11 14 15)
ACPI: PCI Interrupt Link [LNKB] (IRQs 3 4 5 6 7 9 10 *11 14 15)
ACPI: PCI Interrupt Link [LNKC] (IRQs 3 4 5 6 7 9 *10 11 14 15)
ACPI: PCI Interrupt Link [LNKD] (IRQs 3 4 5 6 7 9 10 11 14 15) *0, disabled.
vgaarb: device added: PCI:0000:00:0f.0,decodes=io+mem,owns=io+mem,locks=none
vgaarb: loaded
vgaarb: bridge control possible 0000:00:0f.0
PCI: Using ACPI for IRQ routing
PCI: pci_cache_line_size set to 64 bytes
pci 0000:00:18.2: no compatible bridge window for [io  0xf000-0xffff]
reserve RAM buffer: 000000000009f800 - 000000000009ffff 
reserve RAM buffer: 000000000fef0000 - 000000000fffffff 
NetLabel: Initializing
NetLabel:  domain hash size = 128
NetLabel:  protocols = UNLABELED CIPSOv4
NetLabel:  unlabeled traffic allowed by default
Switching to clocksource pit
pnp: PnP ACPI init
ACPI: bus type pnp registered
pnp 00:00: [bus 00-ff]
pnp 00:00: [mem 0x000a0000-0x000bffff window]
pnp 00:00: [mem 0x000c0000-0x000c3fff window]
pnp 00:00: [mem 0x000c4000-0x000c7fff window]
pnp 00:00: [mem 0x000c8000-0x000cbfff window]
pnp 00:00: [mem 0x000cc000-0x000cffff window]
pnp 00:00: [mem 0x000d0000-0x000d3fff window]
pnp 00:00: [mem 0x000d4000-0x000d7fff window]
pnp 00:00: [mem 0x000d8000-0x000dbfff window]
pnp 00:00: [mem 0x000dc000-0x000dffff window]
pnp 00:00: [mem 0x000e0000-0x000e3fff window]
pnp 00:00: [mem 0x000e4000-0x000e7fff window]
pnp 00:00: [mem 0x000e8000-0x000ebfff window]
pnp 00:00: [mem 0x000ec000-0x000effff window]
pnp 00:00: [mem 0x10000000-0xfebfffff window]
pnp 00:00: [io  0x0cf8-0x0cff]
pnp 00:00: [io  0x0000-0x0cf7 window]
pnp 00:00: [io  0x0d00-0xfeff window]
pnp 00:00: Plug and Play ACPI device, IDs PNP0a03 PNP0a08 (active)
pnp 00:01: [io  0x0010-0x001f]
pnp 00:01: [io  0x0024-0x0025]
pnp 00:01: [io  0x0028-0x0029]
pnp 00:01: [io  0x002c-0x002d]
pnp 00:01: [io  0x002e-0x002f]
pnp 00:01: [io  0x0030-0x0031]
pnp 00:01: [io  0x0034-0x0035]
pnp 00:01: [io  0x0038-0x0039]
pnp 00:01: [io  0x003c-0x003d]
pnp 00:01: [io  0x0050-0x0053]
pnp 00:01: [io  0x0072-0x0077]
pnp 00:01: [io  0x0080]
pnp 00:01: [io  0x0090-0x009f]
pnp 00:01: [io  0x00a4-0x00a5]
pnp 00:01: [io  0x00a8-0x00a9]
pnp 00:01: [io  0x00ac-0x00ad]
pnp 00:01: [io  0x00b0-0x00b5]
pnp 00:01: [io  0x00b8-0x00b9]
pnp 00:01: [io  0x00bc-0x00bd]
pnp 00:01: [io  0x1000-0x103f]
pnp 00:01: [io  0x1040-0x104f]
pnp 00:01: [io  0x0cf0-0x0cf1]
system 00:01: [io  0x1000-0x103f] has been reserved
system 00:01: [io  0x1040-0x104f] has been reserved
system 00:01: [io  0x0cf0-0x0cf1] has been reserved
system 00:01: Plug and Play ACPI device, IDs PNP0c02 (active)
pnp 00:02: [io  0x0000-0x000f]
pnp 00:02: [io  0x0081-0x008f]
pnp 00:02: [io  0x00c0-0x00df]
pnp 00:02: [dma 4]
pnp 00:02: Plug and Play ACPI device, IDs PNP0200 (active)
pnp 00:03: [io  0x0020-0x0021]
pnp 00:03: [io  0x00a0-0x00a1]
pnp 00:03: [io  0x04d0-0x04d1]
pnp 00:03: [irq 2 disabled]
pnp 00:03: Plug and Play ACPI device, IDs PNP0001 (active)
pnp 00:04: [io  0x0070-0x0071]
pnp 00:04: [irq 8]
pnp 00:04: Plug and Play ACPI device, IDs PNP0b00 (active)
pnp 00:05: [io  0x0061]
pnp 00:05: Plug and Play ACPI device, IDs PNP0800 (active)
pnp 00:06: [io  0x0060]
pnp 00:06: [io  0x0064]
pnp 00:06: [irq 1]
pnp 00:06: Plug and Play ACPI device, IDs PNP0303 (active)
pnp 00:07: [irq 12]
pnp 00:07: Plug and Play ACPI device, IDs PNP0f13 (active)
pnp 00:08: [io  0x0378-0x037f]
pnp 00:08: [irq 7]
pnp 00:08: Plug and Play ACPI device, IDs PNP0400 (active)
pnp 00:09: [io  0x03f8-0x03ff]
pnp 00:09: [irq 4]
pnp 00:09: Plug and Play ACPI device, IDs PNP0501 (active)
pnp 00:0a: [io  0x02f8-0x02ff]
pnp 00:0a: [irq 3]
pnp 00:0a: Plug and Play ACPI device, IDs PNP0501 (active)
pnp 00:0b: [io  0x03f0-0x03f5]
pnp 00:0b: [io  0x03f7]
pnp 00:0b: [irq 6]
pnp 00:0b: [dma 2]
pnp 00:0b: Plug and Play ACPI device, IDs PNP0700 (active)
pnp 00:0c: [mem 0xe0000000-0xefffffff]
pnp 00:0c: [io  0x1060-0x107f]
pnp 00:0c: [mem 0xd8a00000-0xd8bfffff]
system 00:0c: [io  0x1060-0x107f] has been reserved
system 00:0c: [mem 0xe0000000-0xefffffff] has been reserved
system 00:0c: [mem 0xd8a00000-0xd8bfffff] has been reserved
system 00:0c: Plug and Play ACPI device, IDs PNP0c02 (active)
pnp: PnP ACPI: found 13 devices
ACPI: ACPI bus type pnp unregistered
Switching to clocksource acpi_pm
PCI: max bus depth: 1 pci_try_num: 2
pci 0000:00:0f.0: BAR 6: assigned [mem 0x10000000-0x10007fff pref]
pci 0000:00:10.0: BAR 6: assigned [mem 0x10008000-0x1000bfff pref]
pci 0000:00:18.7: BAR 13: can't assign io (size 0x1000)
pci 0000:00:18.6: BAR 13: can't assign io (size 0x1000)
pci 0000:00:18.5: BAR 13: can't assign io (size 0x1000)
pci 0000:00:18.4: BAR 13: can't assign io (size 0x1000)
pci 0000:00:18.3: BAR 13: can't assign io (size 0x1000)
pci 0000:00:18.2: BAR 13: can't assign io (size 0x1000)
pci 0000:00:17.7: BAR 13: can't assign io (size 0x1000)
pci 0000:00:17.6: BAR 13: can't assign io (size 0x1000)
pci 0000:00:17.5: BAR 13: can't assign io (size 0x1000)
pci 0000:00:17.4: BAR 13: can't assign io (size 0x1000)
pci 0000:00:17.3: BAR 13: can't assign io (size 0x1000)
pci 0000:00:16.7: BAR 13: can't assign io (size 0x1000)
pci 0000:00:16.6: BAR 13: can't assign io (size 0x1000)
pci 0000:00:16.5: BAR 13: can't assign io (size 0x1000)
pci 0000:00:16.4: BAR 13: can't assign io (size 0x1000)
pci 0000:00:16.3: BAR 13: can't assign io (size 0x1000)
pci 0000:00:15.7: BAR 13: can't assign io (size 0x1000)
pci 0000:00:15.6: BAR 13: can't assign io (size 0x1000)
pci 0000:00:15.5: BAR 13: can't assign io (size 0x1000)
pci 0000:00:15.4: BAR 13: can't assign io (size 0x1000)
pci 0000:00:15.3: BAR 13: can't assign io (size 0x1000)
pci 0000:00:01.0: PCI bridge to [bus 01-01]
pci 0000:02:00.0: BAR 6: assigned [mem 0xdc100000-0xdc10ffff pref]
pci 0000:00:11.0: PCI bridge to [bus 02-02]
pci 0000:00:11.0:   bridge window [io  0x2000-0x3fff]
pci 0000:00:11.0:   bridge window [mem 0xd9200000-0xd9cfffff]
pci 0000:00:11.0:   bridge window [mem 0xdc100000-0xdc6fffff 64bit pref]
pci 0000:00:15.0: PCI bridge to [bus 03-03]
pci 0000:00:15.0:   bridge window [io  0x4000-0x4fff]
pci 0000:00:15.0:   bridge window [mem 0xd9d00000-0xd9dfffff]
pci 0000:00:15.0:   bridge window [mem 0xdc700000-0xdc7fffff 64bit pref]
pci 0000:00:15.1: PCI bridge to [bus 04-04]
pci 0000:00:15.1:   bridge window [io  0x8000-0x8fff]
pci 0000:00:15.1:   bridge window [mem 0xda100000-0xda1fffff]
pci 0000:00:15.1:   bridge window [mem 0xdcb00000-0xdcbfffff 64bit pref]
pci 0000:00:15.2: PCI bridge to [bus 05-05]
pci 0000:00:15.2:   bridge window [io  0xc000-0xcfff]
pci 0000:00:15.2:   bridge window [mem 0xda500000-0xda5fffff]
pci 0000:00:15.2:   bridge window [mem 0xdcf00000-0xdcffffff 64bit pref]
pci 0000:00:15.3: PCI bridge to [bus 06-06]
pci 0000:00:15.3:   bridge window [mem 0xda900000-0xda9fffff]
pci 0000:00:15.3:   bridge window [mem 0xdd300000-0xdd3fffff 64bit pref]
pci 0000:00:15.4: PCI bridge to [bus 07-07]
pci 0000:00:15.4:   bridge window [mem 0xdad00000-0xdadfffff]
pci 0000:00:15.4:   bridge window [mem 0xdd700000-0xdd7fffff 64bit pref]
pci 0000:00:15.5: PCI bridge to [bus 08-08]
pci 0000:00:15.5:   bridge window [mem 0xdb100000-0xdb1fffff]
pci 0000:00:15.5:   bridge window [mem 0xddb00000-0xddbfffff 64bit pref]
pci 0000:00:15.6: PCI bridge to [bus 09-09]
pci 0000:00:15.6:   bridge window [mem 0xdb500000-0xdb5fffff]
pci 0000:00:15.6:   bridge window [mem 0xddf00000-0xddffffff 64bit pref]
pci 0000:00:15.7: PCI bridge to [bus 0a-0a]
pci 0000:00:15.7:   bridge window [mem 0xdb900000-0xdb9fffff]
pci 0000:00:15.7:   bridge window [mem 0xde300000-0xde3fffff 64bit pref]
pci 0000:00:16.0: PCI bridge to [bus 0b-0b]
pci 0000:00:16.0:   bridge window [io  0x5000-0x5fff]
pci 0000:00:16.0:   bridge window [mem 0xd9e00000-0xd9efffff]
pci 0000:00:16.0:   bridge window [mem 0xdc800000-0xdc8fffff 64bit pref]
pci 0000:00:16.1: PCI bridge to [bus 0c-0c]
pci 0000:00:16.1:   bridge window [io  0x9000-0x9fff]
pci 0000:00:16.1:   bridge window [mem 0xda200000-0xda2fffff]
pci 0000:00:16.1:   bridge window [mem 0xdcc00000-0xdccfffff 64bit pref]
pci 0000:00:16.2: PCI bridge to [bus 0d-0d]
pci 0000:00:16.2:   bridge window [io  0xd000-0xdfff]
pci 0000:00:16.2:   bridge window [mem 0xda600000-0xda6fffff]
pci 0000:00:16.2:   bridge window [mem 0xdd000000-0xdd0fffff 64bit pref]
pci 0000:00:16.3: PCI bridge to [bus 0e-0e]
pci 0000:00:16.3:   bridge window [mem 0xdaa00000-0xdaafffff]
pci 0000:00:16.3:   bridge window [mem 0xdd400000-0xdd4fffff 64bit pref]
pci 0000:00:16.4: PCI bridge to [bus 0f-0f]
pci 0000:00:16.4:   bridge window [mem 0xdae00000-0xdaefffff]
pci 0000:00:16.4:   bridge window [mem 0xdd800000-0xdd8fffff 64bit pref]
pci 0000:00:16.5: PCI bridge to [bus 10-10]
pci 0000:00:16.5:   bridge window [mem 0xdb200000-0xdb2fffff]
pci 0000:00:16.5:   bridge window [mem 0xddc00000-0xddcfffff 64bit pref]
pci 0000:00:16.6: PCI bridge to [bus 11-11]
pci 0000:00:16.6:   bridge window [mem 0xdb600000-0xdb6fffff]
pci 0000:00:16.6:   bridge window [mem 0xde000000-0xde0fffff 64bit pref]
pci 0000:00:16.7: PCI bridge to [bus 12-12]
pci 0000:00:16.7:   bridge window [mem 0xdba00000-0xdbafffff]
pci 0000:00:16.7:   bridge window [mem 0xde400000-0xde4fffff 64bit pref]
pci 0000:00:17.0: PCI bridge to [bus 13-13]
pci 0000:00:17.0:   bridge window [io  0x6000-0x6fff]
pci 0000:00:17.0:   bridge window [mem 0xd9f00000-0xd9ffffff]
pci 0000:00:17.0:   bridge window [mem 0xdc900000-0xdc9fffff 64bit pref]
pci 0000:00:17.1: PCI bridge to [bus 14-14]
pci 0000:00:17.1:   bridge window [io  0xa000-0xafff]
pci 0000:00:17.1:   bridge window [mem 0xda300000-0xda3fffff]
pci 0000:00:17.1:   bridge window [mem 0xdcd00000-0xdcdfffff 64bit pref]
pci 0000:00:17.2: PCI bridge to [bus 15-15]
pci 0000:00:17.2:   bridge window [io  0xe000-0xefff]
pci 0000:00:17.2:   bridge window [mem 0xda700000-0xda7fffff]
pci 0000:00:17.2:   bridge window [mem 0xdd100000-0xdd1fffff 64bit pref]
pci 0000:00:17.3: PCI bridge to [bus 16-16]
pci 0000:00:17.3:   bridge window [mem 0xdab00000-0xdabfffff]
pci 0000:00:17.3:   bridge window [mem 0xdd500000-0xdd5fffff 64bit pref]
pci 0000:00:17.4: PCI bridge to [bus 17-17]
pci 0000:00:17.4:   bridge window [mem 0xdaf00000-0xdaffffff]
pci 0000:00:17.4:   bridge window [mem 0xdd900000-0xdd9fffff 64bit pref]
pci 0000:00:17.5: PCI bridge to [bus 18-18]
pci 0000:00:17.5:   bridge window [mem 0xdb300000-0xdb3fffff]
pci 0000:00:17.5:   bridge window [mem 0xddd00000-0xdddfffff 64bit pref]
pci 0000:00:17.6: PCI bridge to [bus 19-19]
pci 0000:00:17.6:   bridge window [mem 0xdb700000-0xdb7fffff]
pci 0000:00:17.6:   bridge window [mem 0xde100000-0xde1fffff 64bit pref]
pci 0000:00:17.7: PCI bridge to [bus 1a-1a]
pci 0000:00:17.7:   bridge window [mem 0xdbb00000-0xdbbfffff]
pci 0000:00:17.7:   bridge window [mem 0xde500000-0xde5fffff 64bit pref]
pci 0000:00:18.0: PCI bridge to [bus 1b-1b]
pci 0000:00:18.0:   bridge window [io  0x7000-0x7fff]
pci 0000:00:18.0:   bridge window [mem 0xda000000-0xda0fffff]
pci 0000:00:18.0:   bridge window [mem 0xdca00000-0xdcafffff 64bit pref]
pci 0000:00:18.1: PCI bridge to [bus 1c-1c]
pci 0000:00:18.1:   bridge window [io  0xb000-0xbfff]
pci 0000:00:18.1:   bridge window [mem 0xda400000-0xda4fffff]
pci 0000:00:18.1:   bridge window [mem 0xdce00000-0xdcefffff 64bit pref]
pci 0000:00:18.2: PCI bridge to [bus 1d-1d]
pci 0000:00:18.2:   bridge window [mem 0xda800000-0xda8fffff]
pci 0000:00:18.2:   bridge window [mem 0xdd200000-0xdd2fffff 64bit pref]
pci 0000:00:18.3: PCI bridge to [bus 1e-1e]
pci 0000:00:18.3:   bridge window [mem 0xdac00000-0xdacfffff]
pci 0000:00:18.3:   bridge window [mem 0xdd600000-0xdd6fffff 64bit pref]
pci 0000:00:18.4: PCI bridge to [bus 1f-1f]
pci 0000:00:18.4:   bridge window [mem 0xdb000000-0xdb0fffff]
pci 0000:00:18.4:   bridge window [mem 0xdda00000-0xddafffff 64bit pref]
pci 0000:00:18.5: PCI bridge to [bus 20-20]
pci 0000:00:18.5:   bridge window [mem 0xdb400000-0xdb4fffff]
pci 0000:00:18.5:   bridge window [mem 0xdde00000-0xddefffff 64bit pref]
pci 0000:00:18.6: PCI bridge to [bus 21-21]
pci 0000:00:18.6:   bridge window [mem 0xdb800000-0xdb8fffff]
pci 0000:00:18.6:   bridge window [mem 0xde200000-0xde2fffff 64bit pref]
pci 0000:00:18.7: PCI bridge to [bus 22-22]
pci 0000:00:18.7:   bridge window [mem 0xdbc00000-0xdbcfffff]
pci 0000:00:18.7:   bridge window [mem 0xde600000-0xde6fffff 64bit pref]
pci 0000:00:01.0: setting latency timer to 64
pci 0000:00:15.0: setting latency timer to 64
pci 0000:00:15.1: setting latency timer to 64
pci 0000:00:15.2: setting latency timer to 64
pci 0000:00:15.3: setting latency timer to 64
pci 0000:00:15.4: setting latency timer to 64
pci 0000:00:15.5: setting latency timer to 64
pci 0000:00:15.6: setting latency timer to 64
pci 0000:00:15.7: setting latency timer to 64
pci 0000:00:16.0: setting latency timer to 64
pci 0000:00:16.1: setting latency timer to 64
pci 0000:00:16.2: setting latency timer to 64
pci 0000:00:16.3: setting latency timer to 64
pci 0000:00:16.4: setting latency timer to 64
pci 0000:00:16.5: setting latency timer to 64
pci 0000:00:16.6: setting latency timer to 64
pci 0000:00:16.7: setting latency timer to 64
pci 0000:00:17.0: setting latency timer to 64
pci 0000:00:17.1: setting latency timer to 64
pci 0000:00:17.2: setting latency timer to 64
pci 0000:00:17.3: setting latency timer to 64
pci 0000:00:17.4: setting latency timer to 64
pci 0000:00:17.5: setting latency timer to 64
pci 0000:00:17.6: setting latency timer to 64
pci 0000:00:17.7: setting latency timer to 64
pci 0000:00:18.0: setting latency timer to 64
pci 0000:00:18.1: setting latency timer to 64
pci 0000:00:18.2: setting latency timer to 64
pci 0000:00:18.3: setting latency timer to 64
pci 0000:00:18.4: setting latency timer to 64
pci 0000:00:18.5: setting latency timer to 64
pci 0000:00:18.6: setting latency timer to 64
pci 0000:00:18.7: setting latency timer to 64
pci_bus 0000:00: resource 4 [mem 0x000a0000-0x000bffff]
pci_bus 0000:00: resource 5 [mem 0x000cc000-0x000cffff]
pci_bus 0000:00: resource 6 [mem 0x000d0000-0x000d3fff]
pci_bus 0000:00: resource 7 [mem 0x000d4000-0x000d7fff]
pci_bus 0000:00: resource 8 [mem 0x000d8000-0x000dbfff]
pci_bus 0000:00: resource 9 [mem 0x000e4000-0x000e7fff]
pci_bus 0000:00: resource 10 [mem 0x10000000-0xfebfffff]
pci_bus 0000:00: resource 11 [io  0x0000-0x0cf7]
pci_bus 0000:00: resource 12 [io  0x0d00-0xfeff]
pci_bus 0000:02: resource 0 [io  0x2000-0x3fff]
pci_bus 0000:02: resource 1 [mem 0xd9200000-0xd9cfffff]
pci_bus 0000:02: resource 2 [mem 0xdc100000-0xdc6fffff 64bit pref]
pci_bus 0000:02: resource 4 [mem 0x000a0000-0x000bffff]
pci_bus 0000:02: resource 5 [mem 0x000cc000-0x000cffff]
pci_bus 0000:02: resource 6 [mem 0x000d0000-0x000d3fff]
pci_bus 0000:02: resource 7 [mem 0x000d4000-0x000d7fff]
pci_bus 0000:02: resource 8 [mem 0x000d8000-0x000dbfff]
pci_bus 0000:02: resource 9 [mem 0x000e4000-0x000e7fff]
pci_bus 0000:02: resource 10 [mem 0x10000000-0xfebfffff]
pci_bus 0000:02: resource 11 [io  0x0000-0x0cf7]
pci_bus 0000:02: resource 12 [io  0x0d00-0xfeff]
pci_bus 0000:03: resource 0 [io  0x4000-0x4fff]
pci_bus 0000:03: resource 1 [mem 0xd9d00000-0xd9dfffff]
pci_bus 0000:03: resource 2 [mem 0xdc700000-0xdc7fffff 64bit pref]
pci_bus 0000:04: resource 0 [io  0x8000-0x8fff]
pci_bus 0000:04: resource 1 [mem 0xda100000-0xda1fffff]
pci_bus 0000:04: resource 2 [mem 0xdcb00000-0xdcbfffff 64bit pref]
pci_bus 0000:05: resource 0 [io  0xc000-0xcfff]
pci_bus 0000:05: resource 1 [mem 0xda500000-0xda5fffff]
pci_bus 0000:05: resource 2 [mem 0xdcf00000-0xdcffffff 64bit pref]
pci_bus 0000:06: resource 1 [mem 0xda900000-0xda9fffff]
pci_bus 0000:06: resource 2 [mem 0xdd300000-0xdd3fffff 64bit pref]
pci_bus 0000:07: resource 1 [mem 0xdad00000-0xdadfffff]
pci_bus 0000:07: resource 2 [mem 0xdd700000-0xdd7fffff 64bit pref]
pci_bus 0000:08: resource 1 [mem 0xdb100000-0xdb1fffff]
pci_bus 0000:08: resource 2 [mem 0xddb00000-0xddbfffff 64bit pref]
pci_bus 0000:09: resource 1 [mem 0xdb500000-0xdb5fffff]
pci_bus 0000:09: resource 2 [mem 0xddf00000-0xddffffff 64bit pref]
pci_bus 0000:0a: resource 1 [mem 0xdb900000-0xdb9fffff]
pci_bus 0000:0a: resource 2 [mem 0xde300000-0xde3fffff 64bit pref]
pci_bus 0000:0b: resource 0 [io  0x5000-0x5fff]
pci_bus 0000:0b: resource 1 [mem 0xd9e00000-0xd9efffff]
pci_bus 0000:0b: resource 2 [mem 0xdc800000-0xdc8fffff 64bit pref]
pci_bus 0000:0c: resource 0 [io  0x9000-0x9fff]
pci_bus 0000:0c: resource 1 [mem 0xda200000-0xda2fffff]
pci_bus 0000:0c: resource 2 [mem 0xdcc00000-0xdccfffff 64bit pref]
pci_bus 0000:0d: resource 0 [io  0xd000-0xdfff]
pci_bus 0000:0d: resource 1 [mem 0xda600000-0xda6fffff]
pci_bus 0000:0d: resource 2 [mem 0xdd000000-0xdd0fffff 64bit pref]
pci_bus 0000:0e: resource 1 [mem 0xdaa00000-0xdaafffff]
pci_bus 0000:0e: resource 2 [mem 0xdd400000-0xdd4fffff 64bit pref]
pci_bus 0000:0f: resource 1 [mem 0xdae00000-0xdaefffff]
pci_bus 0000:0f: resource 2 [mem 0xdd800000-0xdd8fffff 64bit pref]
pci_bus 0000:10: resource 1 [mem 0xdb200000-0xdb2fffff]
pci_bus 0000:10: resource 2 [mem 0xddc00000-0xddcfffff 64bit pref]
pci_bus 0000:11: resource 1 [mem 0xdb600000-0xdb6fffff]
pci_bus 0000:11: resource 2 [mem 0xde000000-0xde0fffff 64bit pref]
pci_bus 0000:12: resource 1 [mem 0xdba00000-0xdbafffff]
pci_bus 0000:12: resource 2 [mem 0xde400000-0xde4fffff 64bit pref]
pci_bus 0000:13: resource 0 [io  0x6000-0x6fff]
pci_bus 0000:13: resource 1 [mem 0xd9f00000-0xd9ffffff]
pci_bus 0000:13: resource 2 [mem 0xdc900000-0xdc9fffff 64bit pref]
pci_bus 0000:14: resource 0 [io  0xa000-0xafff]
pci_bus 0000:14: resource 1 [mem 0xda300000-0xda3fffff]
pci_bus 0000:14: resource 2 [mem 0xdcd00000-0xdcdfffff 64bit pref]
pci_bus 0000:15: resource 0 [io  0xe000-0xefff]
pci_bus 0000:15: resource 1 [mem 0xda700000-0xda7fffff]
pci_bus 0000:15: resource 2 [mem 0xdd100000-0xdd1fffff 64bit pref]
pci_bus 0000:16: resource 1 [mem 0xdab00000-0xdabfffff]
pci_bus 0000:16: resource 2 [mem 0xdd500000-0xdd5fffff 64bit pref]
pci_bus 0000:17: resource 1 [mem 0xdaf00000-0xdaffffff]
pci_bus 0000:17: resource 2 [mem 0xdd900000-0xdd9fffff 64bit pref]
pci_bus 0000:18: resource 1 [mem 0xdb300000-0xdb3fffff]
pci_bus 0000:18: resource 2 [mem 0xddd00000-0xdddfffff 64bit pref]
pci_bus 0000:19: resource 1 [mem 0xdb700000-0xdb7fffff]
pci_bus 0000:19: resource 2 [mem 0xde100000-0xde1fffff 64bit pref]
pci_bus 0000:1a: resource 1 [mem 0xdbb00000-0xdbbfffff]
pci_bus 0000:1a: resource 2 [mem 0xde500000-0xde5fffff 64bit pref]
pci_bus 0000:1b: resource 0 [io  0x7000-0x7fff]
pci_bus 0000:1b: resource 1 [mem 0xda000000-0xda0fffff]
pci_bus 0000:1b: resource 2 [mem 0xdca00000-0xdcafffff 64bit pref]
pci_bus 0000:1c: resource 0 [io  0xb000-0xbfff]
pci_bus 0000:1c: resource 1 [mem 0xda400000-0xda4fffff]
pci_bus 0000:1c: resource 2 [mem 0xdce00000-0xdcefffff 64bit pref]
pci_bus 0000:1d: resource 1 [mem 0xda800000-0xda8fffff]
pci_bus 0000:1d: resource 2 [mem 0xdd200000-0xdd2fffff 64bit pref]
pci_bus 0000:1e: resource 1 [mem 0xdac00000-0xdacfffff]
pci_bus 0000:1e: resource 2 [mem 0xdd600000-0xdd6fffff 64bit pref]
pci_bus 0000:1f: resource 1 [mem 0xdb000000-0xdb0fffff]
pci_bus 0000:1f: resource 2 [mem 0xdda00000-0xddafffff 64bit pref]
pci_bus 0000:20: resource 1 [mem 0xdb400000-0xdb4fffff]
pci_bus 0000:20: resource 2 [mem 0xdde00000-0xddefffff 64bit pref]
pci_bus 0000:21: resource 1 [mem 0xdb800000-0xdb8fffff]
pci_bus 0000:21: resource 2 [mem 0xde200000-0xde2fffff 64bit pref]
pci_bus 0000:22: resource 1 [mem 0xdbc00000-0xdbcfffff]
pci_bus 0000:22: resource 2 [mem 0xde600000-0xde6fffff 64bit pref]
NET: Registered protocol family 2
IP route cache hash table entries: 2048 (order: 1, 8192 bytes)
TCP established hash table entries: 8192 (order: 4, 65536 bytes)
TCP bind hash table entries: 8192 (order: 6, 294912 bytes)
TCP: Hash tables configured (established 8192 bind 8192)
TCP reno registered
UDP hash table entries: 128 (order: 1, 10240 bytes)
UDP-Lite hash table entries: 128 (order: 1, 10240 bytes)
NET: Registered protocol family 1
pci 0000:00:00.0: Limiting direct PCI/PCI transfers
pci 0000:00:0f.0: Boot video device
PCI: CLS 32 bytes, default 64
Trying to unpack rootfs image as initramfs...
debug: unmapping init memory cfb9d000..cfee0000
Simple Boot Flag at 0x36 set to 0x80
apm: BIOS version 1.2 Flags 0x03 (Driver version 1.16ac)
apm: overridden by ACPI.
audit: initializing netlink socket (disabled)
type=2000 audit(1329143614.237:1): initialized
HugeTLB registered 4 MB page size, pre-allocated 0 pages
VFS: Disk quotas dquot_6.5.2
Dquot-cache hash table entries: 1024 (order 0, 4096 bytes)
msgmni has been set to 479
SELinux:  Registering netfilter hooks
cryptomgr_test used greatest stack depth: 7388 bytes left
Block layer SCSI generic (bsg) driver version 0.4 loaded (major 254)
io scheduler noop registered
io scheduler deadline registered
io scheduler cfq registered (default)
start plist test
end plist test
pci_hotplug: PCI Hot Plug PCI Core version: 0.5
Serial: 8250/16550 driver, 4 ports, IRQ sharing enabled
serial8250: ttyS0 at I/O 0x3f8 (irq = 4) is a 16550A
serial8250: ttyS1 at I/O 0x2f8 (irq = 3) is a 16550A
00:09: ttyS0 at I/O 0x3f8 (irq = 4) is a 16550A
00:0a: ttyS1 at I/O 0x2f8 (irq = 3) is a 16550A
Real Time Clock Driver v1.12b
Non-volatile memory driver v1.3
brd: module loaded
Uniform Multi-Platform E-IDE driver
piix 0000:00:07.1: IDE controller (0x8086:0x7111 rev 0x01)
piix 0000:00:07.1: not 100% native mode: will probe irqs later
    ide0: BM-DMA at 0x10c0-0x10c7
    ide1: BM-DMA at 0x10c8-0x10cf
Probing IDE interface ide0...
Refined TSC clocksource calibration: 2393.999 MHz.
Switching to clocksource tsc
Probing IDE interface ide1...
hdc: VMware Virtual IDE CDROM Drive, ATAPI CD/DVD-ROM drive
hdc: host max PIO4 wanted PIO255(auto-tune) selected PIO4
hdc: UDMA/33 mode selected
ide0 at 0x1f0-0x1f7,0x3f6 on irq 14
ide1 at 0x170-0x177,0x376 on irq 15
ide_generic: please use "probe_mask=0x3f" module parameter for probing all legacy ISA IDE ports
ide-gd driver 1.18
pcnet32: pcnet32.c:v1.35 21.Apr.2008 tsbogend@alpha.franken.de
ACPI: PCI Interrupt Link [LNKC] enabled at IRQ 10
PCI: setting IRQ 10 as level-triggered
pcnet32 0000:02:00.0: PCI INT A -> Link[LNKC] -> GSI 10 (level, low) -> IRQ 10
pcnet32: PCnet/PCI II 79C970A at 0x2000, 00:50:56:92:01:2e assigned IRQ 10
pcnet32: eth0: registered as PCnet/PCI II 79C970A
pcnet32: 1 cards_found
i8042: PNP: PS/2 Controller [PNP0303:KBC,PNP0f13:MOUS] at 0x60,0x64 irq 1,12
serio: i8042 KBD port at 0x60,0x64 irq 1
serio: i8042 AUX port at 0x60,0x64 irq 12
mousedev: PS/2 mouse device common for all mice
cpuidle: using governor ladder
EFI Variables Facility v0.08 2004-May-17
TCP bic registered
Initializing XFRM netlink socket
NET: Registered protocol family 17
Registering the dns_resolver key type
input: AT Translated Set 2 keyboard as /devices/platform/i8042/serio0/input/input0
registered taskstats version 1
Initializing network drop monitor service
debug: unmapping init memory c0824000..c0889000
Write protecting the kernel text: 2768k
Write protecting the kernel read-only data: 1212k
nash-hotplug (20): /proc/20/oom_adj is deprecated, please use /proc/20/oom_score_adj instead.
insmod used greatest stack depth: 6440 bytes left
SCSI subsystem initialized
Fusion MPT base driver 3.04.20
Copyright (c) 1999-2008 LSI Corporation
Fusion MPT SPI Host driver 3.04.20
ACPI: PCI Interrupt Link [LNKB] enabled at IRQ 11
PCI: setting IRQ 11 as level-triggered
mptspi 0000:00:10.0: PCI INT A -> Link[LNKB] -> GSI 11 (level, low) -> IRQ 11
mptbase: ioc0: Initiating bringup
ioc0: LSI53C1030 B0: Capabilities={Initiator}
scsi0 : ioc0: LSI53C1030 B0, FwRev=01032920h, Ports=1, MaxQ=128, IRQ=11
scsi 0:0:0:0: Direct-Access     VMware   Virtual disk     1.0  PQ: 0 ANSI: 2
scsi target0:0:0: Beginning Domain Validation
scsi target0:0:0: Domain Validation skipping write tests
scsi target0:0:0: Ending Domain Validation
scsi target0:0:0: FAST-40 WIDE SCSI 80.0 MB/s ST (25 ns, offset 127)
sd 0:0:0:0: [sda] 33554432 512-byte logical blocks: (17.1 GB/16.0 GiB)
sd 0:0:0:0: [sda] Write Protect is off
sd 0:0:0:0: [sda] Mode Sense: 03 00 00 00
sd 0:0:0:0: [sda] Cache data unavailable
sd 0:0:0:0: [sda] Assuming drive cache: write through
sd 0:0:0:0: [sda] Cache data unavailable
sd 0:0:0:0: [sda] Assuming drive cache: write through
 sda: sda1 sda2
sd 0:0:0:0: [sda] Cache data unavailable
sd 0:0:0:0: [sda] Assuming drive cache: write through
sd 0:0:0:0: [sda] Attached SCSI disk
insmod used greatest stack depth: 5988 bytes left
libata version 3.00 loaded.
device-mapper: uevent: version 1.0.3
device-mapper: ioctl: 4.22.0-ioctl (2011-10-19) initialised: dm-devel@redhat.com
kjournald starting.  Commit interval 5 seconds
EXT3-fs (dm-0): mounted filesystem with ordered data mode
SELinux:  Disabled at runtime.
SELinux:  Unregistering netfilter hooks
type=1404 audit(1329143634.450:2): selinux=0 auid=4294967295 ses=4294967295
gzip used greatest stack depth: 5804 bytes left
sed used greatest stack depth: 5724 bytes left
input: PC Speaker as /devices/platform/pcspkr/input/input1
ACPI: resource piix4_smbus [io  0x1040-0x1047] conflicts with ACPI region SMB_ [io 0x1040-0x104b]
ACPI: If an ACPI driver is available for this device, you should use it instead of the native driver
Floppy drive(s): fd0 is 1.44M
FDC 0 is a post-1991 82077
input: Power Button as /devices/LNXSYSTM:00/LNXPWRBN:00/input/input2
ACPI: Power Button [PWRF]
parport_pc 00:08: reported by Plug and Play ACPI
parport0: PC-style at 0x378, irq 7 [PCSPP,TRISTATE]
ACPI: AC Adapter [ACAD] (on-line)
ide-cd driver 5.00
ide-cd: hdc: ATAPI 1X DVD-ROM DVD-R/RAM CD-R/RW drive, 32kB Cache
cdrom: Uniform CD-ROM driver Revision: 3.20
ata_id used greatest stack depth: 5640 bytes left
sd 0:0:0:0: Attached scsi generic sg0 type 0
lp0: using parport0 (interrupt-driven).
lp0: console ready
md: Autodetecting RAID arrays.
md: Scanned 0 and added 0 devices.
md: autorun ...
md: ... autorun DONE.
device-mapper: multipath: version 1.3.0 loaded
loop: module loaded
lvm.static used greatest stack depth: 5600 bytes left
EXT3-fs (dm-0): using internal journal
kjournald starting.  Commit interval 5 seconds
EXT3-fs (sda1): using internal journal
EXT3-fs (sda1): mounted filesystem with ordered data mode
Adding 524284k swap on /dev/VolGroup00/LogVol01.  Priority:-1 extents:1 across:524284k 
microcode: CPU0 sig=0x206c2, pf=0x1, revision=0xc
microcode: Microcode Update Driver: v2.00 <tigran@aivazian.fsnet.co.uk>, Peter Oruba
microcode: Microcode Update Driver: v2.00 removed.
warning: process `kudzu' used the deprecated sysctl system call with 1.23.
pcnet32 0000:02:00.0: eth0: link up
ip used greatest stack depth: 5572 bytes left
warning: `dbus-daemon' uses 32-bit capabilities (legacy support in use)
Disabling lock debugging due to kernel taint
infile_name is input.txt
outfile name is output.txt
keybuf len is 7
key is 111111
infile size is 53405
FREE FINISH!
 
infile_name is input.txt
outfile name is output.txt
keybuf len is 7
key is 111111
infile size is 53405
------------[ cut here ]------------
kernel BUG at /usr/src/hw1-chenliu/hw1/sys_xcrypt.c:41!
invalid opcode: 0000 [#1] DEBUG_PAGEALLOC
Modules linked in: sys_xcrypt(O) aes_i586 aes_generic cbc loop dm_multipath scsi_dh video sbs sbshc battery lp sg ide_cd_mod ac power_supply tpm_tis tpm cdrom parport_pc parport button floppy tpm_bios serio_raw i2c_piix4 pcspkr i2c_core dm_snapshot dm_zero dm_mirror dm_region_hash dm_log dm_mod ata_piix libata mptspi mptscsih mptbase scsi_transport_spi sd_mod scsi_mod ext3 jbd [last unloaded: sys_xcrypt]

Pid: 10638, comm: xcipher Tainted: G           O 3.2.2+ #27 VMware, Inc. VMware Virtual Platform/440BX Desktop Reference Platform
EIP: 0060:[<d1335240>] EFLAGS: 00010202 CPU: 0
EIP is at xcrypt_read_write+0xa7/0x188 [sys_xcrypt]
EAX: 00000000 EBX: d08b7400 ECX: 00001010 EDX: c0492d43
ESI: 0000d09d EDI: 00000000 EBP: ce6d7f68 ESP: ce6d7f44
 DS: 007b ES: 007b FS: 0000 GS: 0033 SS: 0068
Process xcipher (pid: 10638, ti=ce6d6000 task=ce71f640 task.ti=ce6d6000)
Stack:
 ce678000 ce7e9f38 cd9c2f38 00001000 00000000 00001010 cee188a0 ce7e9f38
 cd9c2f38 ce6d7fa0 d133552c cee188a0 00000007 ceef5868 ce666000 ce4ca000
 cee188a0 ce678000 00000007 c0000000 bfb0d2d4 00c89ff4 08048587 ce6d7fac
Call Trace:
 [<d133552c>] my_sys_xcrypt+0x20b/0x2ff [sys_xcrypt]
 [<c04015e3>] sys_xcrypt+0x17/0x1c
 [<c06b228c>] sysenter_do_call+0x12/0x32
Code: 85 c0 0f 88 db 00 00 00 ff 75 0c ff 75 08 8b 4d dc 8d 45 f0 8b 55 f0 50 89 c8 e8 cc fd ff ff 83 c4 0c 81 7d f0 00 10 00 00 74 04 <0f> 0b eb fe 85 c0 0f 88 bc 00 00 00 8b 45 e0 b9 00 10 00 00 8b 
EIP: [<d1335240>] xcrypt_read_write+0xa7/0x188 [sys_xcrypt] SS:ESP 0068:ce6d7f44
---[ end trace b6e711d05fe1c266 ]---
infile_name is input.txt
outfile name is output.txt
keybuf len is 7
key is 111111
infile size is 53405
BUG: unable to handle kernel paging request at cee3100c
IP: [<d12f0b53>] aes_enc_blk+0xb53/0xb64 [aes_i586]
*pde = 013f3067 *pte = 0ee31160 
Oops: 0002 [#2] DEBUG_PAGEALLOC
Modules linked in: sys_xcrypt(O) aes_i586 aes_generic cbc loop dm_multipath scsi_dh video sbs sbshc battery lp sg ide_cd_mod ac power_supply tpm_tis tpm cdrom parport_pc parport button floppy tpm_bios serio_raw i2c_piix4 pcspkr i2c_core dm_snapshot dm_zero dm_mirror dm_region_hash dm_log dm_mod ata_piix libata mptspi mptscsih mptbase scsi_transport_spi sd_mod scsi_mod ext3 jbd [last unloaded: sys_xcrypt]

Pid: 11075, comm: xcipher Tainted: G      D    O 3.2.2+ #27 VMware, Inc. VMware Virtual Platform/440BX Desktop Reference Platform
EIP: 0060:[<d12f0b53>] EFLAGS: 00010286 CPU: 0
EIP is at aes_enc_blk+0xb53/0xb64 [aes_i586]
EAX: cc3d981c EBX: 57e5dc32 ECX: 00000027 EDX: 0000002a
ESI: abcbb79f EDI: c580ac91 EBP: cee31000 ESP: cd963e18
 DS: 007b ES: 007b FS: 0000 GS: 0033 SS: 0068
Process xcipher (pid: 11075, ti=cd962000 task=cede6640 task.ti=cd962000)
Stack:
 cee31000 cd963f18 00000010 cd963e38 d12f1711 ce4abc20 cee31000 cd9f161c
 cd963eac d12be2ab cd9f161c 00000000 cd963f18 ce4abbf0 d12f1703 d12f1703
 00000000 fffffff0 fffffff0 cfb4fc60 cd963f08 cfb79620 cee31000 cd963ee0
Call Trace:
 [<d12f1711>] ? aes_encrypt+0xe/0x15 [aes_i586]
 [<d12be2ab>] ? crypto_cbc_encrypt+0xcc/0x107 [cbc]
 [<d12f1703>] ? crypto_aes_encrypt_x86+0x10/0x10 [aes_i586]
 [<d12f1703>] ? crypto_aes_encrypt_x86+0x10/0x10 [aes_i586]
 [<d135716d>] ? 0xd135716c
 [<d1357234>] ? xcrypt_read_write+0x9b/0x175 [sys_xcrypt]
 [<d1357519>] ? my_sys_xcrypt+0x20b/0x2fe [sys_xcrypt]
 [<c04015e3>] ? sys_xcrypt+0x17/0x1c
 [<c06b228c>] ? sysenter_do_call+0x12/0x32
Code: a4 2d d1 0f b6 d5 c1 e9 10 33 34 95 e0 a8 2d d1 0f b6 d1 0f b6 cd 33 1c 95 e0 ac 2d d1 33 04 8d e0 b0 2d d1 83 c4 08 8b 6c 24 18 <89> 7d 0c 5f 89 75 08 5e 89 5d 04 5b 89 45 00 5d c3 55 8b 6c 24 
EIP: [<d12f0b53>] aes_enc_blk+0xb53/0xb64 [aes_i586] SS:ESP 0068:cd963e18
CR2: 00000000cee3100c
---[ end trace b6e711d05fe1c267 ]---
note: xcipher[11075] exited with preempt_count 2
BUG: sleeping function called from invalid context at kernel/rwsem.c:21
in_atomic(): 1, irqs_disabled(): 1, pid: 11075, name: xcipher
INFO: lockdep is turned off.
irq event stamp: 0
hardirqs last  enabled at (0): [<  (null)>]   (null)
hardirqs last disabled at (0): [<c0423c77>] copy_process+0x36d/0xea7
softirqs last  enabled at (0): [<c0423c77>] copy_process+0x36d/0xea7
softirqs last disabled at (0): [<  (null)>]   (null)
Pid: 11075, comm: xcipher Tainted: G      D    O 3.2.2+ #27
Call Trace:
 [<c041da7c>] __might_sleep+0x146/0x14e
 [<c06ac0d9>] down_read+0x17/0x44
 [<c04580d8>] acct_collect+0x3f/0x113
 [<c0428cac>] do_exit+0x6ce/0x6f8
 [<c0426997>] ? kmsg_dump+0x113/0x128
 [<c06ad857>] oops_end+0x95/0x9d
 [<c0416d53>] no_context+0x113/0x11d
 [<c0416e4d>] __bad_area_nosemaphore+0xf0/0xf8
 [<c0416eb8>] bad_area_nosemaphore+0xd/0x10
 [<c06af35c>] do_page_fault+0x200/0x3f2
 [<c041a767>] ? kmap_atomic_prot+0xee/0xf4
 [<c06af15c>] ? vmalloc_fault+0xc7/0xc7
 [<c06ad1e1>] error_code+0x5d/0x64
 [<c06af15c>] ? vmalloc_fault+0xc7/0xc7
 [<d12f0b53>] ? aes_enc_blk+0xb53/0xb64 [aes_i586]
 [<d12f1711>] ? aes_encrypt+0xe/0x15 [aes_i586]
 [<d12be2ab>] ? crypto_cbc_encrypt+0xcc/0x107 [cbc]
 [<d12f1703>] ? crypto_aes_encrypt_x86+0x10/0x10 [aes_i586]
 [<d12f1703>] ? crypto_aes_encrypt_x86+0x10/0x10 [aes_i586]
 [<d135716d>] ? 0xd135716c
 [<d1357234>] ? xcrypt_read_write+0x9b/0x175 [sys_xcrypt]
 [<d1357519>] ? my_sys_xcrypt+0x20b/0x2fe [sys_xcrypt]
 [<c04015e3>] ? sys_xcrypt+0x17/0x1c
 [<c06b228c>] ? sysenter_do_call+0x12/0x32
BUG: scheduling while atomic: xcipher/11075/0x10000003
INFO: lockdep is turned off.
Modules linked in: sys_xcrypt(O) aes_i586 aes_generic cbc loop dm_multipath scsi_dh video sbs sbshc battery lp sg ide_cd_mod ac power_supply tpm_tis tpm cdrom parport_pc parport button floppy tpm_bios serio_raw i2c_piix4 pcspkr i2c_core dm_snapshot dm_zero dm_mirror dm_region_hash dm_log dm_mod ata_piix libata mptspi mptscsih mptbase scsi_transport_spi sd_mod scsi_mod ext3 jbd [last unloaded: sys_xcrypt]
Pid: 11075, comm: xcipher Tainted: G      D    O 3.2.2+ #27
Call Trace:
 [<c041fb03>] __schedule_bug+0x5d/0x64
 [<c06aa580>] __schedule+0x47/0x5e6
 [<c0449562>] ? trace_hardirqs_off+0xb/0xd
 [<c0403102>] ? do_softirq+0x8b/0x9d
 [<c042aa3e>] ? irq_exit+0x3c/0x66
 [<c041fb20>] __cond_resched+0x16/0x26
 [<c06aab7d>] _cond_resched+0x1d/0x28
 [<c06ac0de>] down_read+0x1c/0x44
 [<c0426cc9>] exit_mm+0x2b/0xc6
 [<c042878f>] do_exit+0x1b1/0x6f8
 [<c0426997>] ? kmsg_dump+0x113/0x128
 [<c06ad857>] oops_end+0x95/0x9d
 [<c0416d53>] no_context+0x113/0x11d
 [<c0416e4d>] __bad_area_nosemaphore+0xf0/0xf8
 [<c0416eb8>] bad_area_nosemaphore+0xd/0x10
 [<c06af35c>] do_page_fault+0x200/0x3f2
 [<c041a767>] ? kmap_atomic_prot+0xee/0xf4
 [<c06af15c>] ? vmalloc_fault+0xc7/0xc7
 [<c06ad1e1>] error_code+0x5d/0x64
 [<c06af15c>] ? vmalloc_fault+0xc7/0xc7
 [<d12f0b53>] ? aes_enc_blk+0xb53/0xb64 [aes_i586]
 [<d12f1711>] ? aes_encrypt+0xe/0x15 [aes_i586]
 [<d12be2ab>] ? crypto_cbc_encrypt+0xcc/0x107 [cbc]
 [<d12f1703>] ? crypto_aes_encrypt_x86+0x10/0x10 [aes_i586]
 [<d12f1703>] ? crypto_aes_encrypt_x86+0x10/0x10 [aes_i586]
 [<d135716d>] ? 0xd135716c
 [<d1357234>] ? xcrypt_read_write+0x9b/0x175 [sys_xcrypt]
 [<d1357519>] ? my_sys_xcrypt+0x20b/0x2fe [sys_xcrypt]
 [<c04015e3>] ? sys_xcrypt+0x17/0x1c
 [<c06b228c>] ? sysenter_do_call+0x12/0x32
infile_name is input.txt
outfile name is output.txt
keybuf len is 7
key is 111111
infile size is 53405
Padding is 16
Padding is 16
Padding is 16
Padding is 16
Padding is 16
Padding is 16
Padding is 16
Padding is 16
Padding is 16
Padding is 16
Padding is 16
Padding is 16
Padding is 3
FREE FINISH!
 
